// Vitest Snapshot v1, https://vitest.dev/guide/snapshot.html

exports[`Link component > should match snapshot 1`] = `
<DocumentFragment>
  <a
    class="_link_4e35b2"
    href="https://example.com"
  >
    Example Link
  </a>
</DocumentFragment>
`;
