// Vitest Snapshot v1, https://vitest.dev/guide/snapshot.html

exports[`Paragraph component > should match the snapshot 1`] = `
<DocumentFragment>
  <p>
    Example
  </p>
</DocumentFragment>
`;
