// Vitest Snapshot v1, https://vitest.dev/guide/snapshot.html

exports[`Heading component > should match the snapshot 1`] = `
<DocumentFragment>
  <h3>
    Example
  </h3>
</DocumentFragment>
`;
